{
	"clusters": [
		"ee7d2bf4-8933-4a3a-8634-3328fe806e08"
	],
	"errors": null,
	"reports": {
		"ee7d2bf4-8933-4a3a-8634-3328fe806e08": {
			"reports": {
				"data": [
					{
						"created_at": "2020-04-08T00:42:00Z",
						"description": "Introducing Insights for Red Hat OpenShift Container Platform",
						"details": {
							"error_key": "TUTORIAL_ERROR",
							"type": "rule"
						},
						"disabled": false,
						"extra_data": {
							"error_key": "TUTORIAL_ERROR",
							"type": "rule"
						},
						"reason": "",
						"resolution": "",
						"risk_of_change": 0,
						"rule_id": "ccx_rules_ocm.tutorial_rule",
						"tags": [],
						"total_risk": 1,
						"user_vote": 0
					}
				],
				"meta": {
					"count": 1,
					"last_checked_at": "2020-05-27T09:18:29Z"
				}
			},
			"status": "ok"
		}
	}
}
