{
	"clusters": null,
	"errors": null,
	"reports": {},
	"generated_at": "2020-08-11T10:17:29Z"
}